#! /c/Source/iverilog-install/bin/vvp
:ivl_version "12.0 (devel)" "(s20150603-1539-g2693dd32b)";
:ivl_delay_selection "TYPICAL";
:vpi_time_precision - 12;
:vpi_module "D:\iverilog\lib\ivl\system.vpi";
:vpi_module "D:\iverilog\lib\ivl\vhdl_sys.vpi";
:vpi_module "D:\iverilog\lib\ivl\vhdl_textio.vpi";
:vpi_module "D:\iverilog\lib\ivl\v2005_math.vpi";
:vpi_module "D:\iverilog\lib\ivl\va_math.vpi";
S_000001e3b5e8ad00 .scope module, "stimulus" "stimulus" 2 25;
 .timescale -9 -12;
v000001e3b5e86820_0 .var "clk", 0 0;
v000001e3b5e868c0_0 .var/i "i", 31 0;
v000001e3b5e86960_0 .var "reset", 0 0;
v000001e3b5e86a00_0 .var "s_in", 0 0;
v000001e3b5f90850_0 .net "s_out", 0 0, L_000001e3b5f91930;  1 drivers
S_000001e3b5f36e90 .scope module, "s1" "free_run_shift_reg" 2 32, 2 1 0, S_000001e3b5e8ad00;
 .timescale 0 0;
    .port_info 0 /INPUT 1 "clk";
    .port_info 1 /INPUT 1 "reset";
    .port_info 2 /INPUT 1 "s_in";
    .port_info 3 /OUTPUT 1 "s_out";
P_000001e3b5e8b4f0 .param/l "N" 0 2 2, +C4<00000000000000000000000000001000>;
v000001e3b5e8aaa0_0 .net *"_ivl_1", 6 0, L_000001e3b5f908f0;  1 drivers
v000001e3b5e8a8e0_0 .net "clk", 0 0, v000001e3b5e86820_0;  1 drivers
v000001e3b5f37020_0 .net "r_next", 7 0, L_000001e3b5f90df0;  1 drivers
v000001e3b5f370c0_0 .var "r_reg", 7 0;
v000001e3b5e86640_0 .net "reset", 0 0, v000001e3b5e86960_0;  1 drivers
v000001e3b5e866e0_0 .net "s_in", 0 0, v000001e3b5e86a00_0;  1 drivers
v000001e3b5e86780_0 .net "s_out", 0 0, L_000001e3b5f91930;  alias, 1 drivers
E_000001e3b5e8bb30/0 .event negedge, v000001e3b5e86640_0;
E_000001e3b5e8bb30/1 .event posedge, v000001e3b5e8a8e0_0;
E_000001e3b5e8bb30 .event/or E_000001e3b5e8bb30/0, E_000001e3b5e8bb30/1;
L_000001e3b5f908f0 .part v000001e3b5f370c0_0, 1, 7;
L_000001e3b5f90df0 .concat [ 7 1 0 0], L_000001e3b5f908f0, v000001e3b5e86a00_0;
L_000001e3b5f91930 .part v000001e3b5f370c0_0, 0, 1;
    .scope S_000001e3b5f36e90;
T_0 ;
    %wait E_000001e3b5e8bb30;
    %load/vec4 v000001e3b5e86640_0;
    %inv;
    %flag_set/vec4 8;
    %jmp/0xz  T_0.0, 8;
    %pushi/vec4 0, 0, 8;
    %assign/vec4 v000001e3b5f370c0_0, 0;
    %jmp T_0.1;
T_0.0 ;
    %load/vec4 v000001e3b5f37020_0;
    %assign/vec4 v000001e3b5f370c0_0, 0;
T_0.1 ;
    %jmp T_0;
    .thread T_0;
    .scope S_000001e3b5e8ad00;
T_1 ;
    %pushi/vec4 0, 0, 1;
    %store/vec4 v000001e3b5e86820_0, 0, 1;
    %pushi/vec4 0, 0, 32;
    %store/vec4 v000001e3b5e868c0_0, 0, 32;
T_1.0 ;
    %load/vec4 v000001e3b5e868c0_0;
    %cmpi/s 40, 0, 32;
    %jmp/0xz T_1.1, 5;
    %delay 10000, 0;
    %load/vec4 v000001e3b5e86820_0;
    %inv;
    %store/vec4 v000001e3b5e86820_0, 0, 1;
    %load/vec4 v000001e3b5e868c0_0;
    %addi 1, 0, 32;
    %store/vec4 v000001e3b5e868c0_0, 0, 32;
    %jmp T_1.0;
T_1.1 ;
    %end;
    .thread T_1;
    .scope S_000001e3b5e8ad00;
T_2 ;
    %vpi_call 2 46 "$dumpfile", "shift.vcd" {0 0 0};
    %vpi_call 2 47 "$dumpvars", 32'sb00000000000000000000000000000000, S_000001e3b5e8ad00 {0 0 0};
    %delay 2000, 0;
    %pushi/vec4 0, 0, 1;
    %store/vec4 v000001e3b5e86a00_0, 0, 1;
    %pushi/vec4 0, 0, 1;
    %store/vec4 v000001e3b5e86960_0, 0, 1;
    %delay 2000, 0;
    %pushi/vec4 1, 0, 1;
    %store/vec4 v000001e3b5e86960_0, 0, 1;
    %pushi/vec4 0, 0, 32;
    %store/vec4 v000001e3b5e868c0_0, 0, 32;
T_2.0 ;
    %load/vec4 v000001e3b5e868c0_0;
    %cmpi/s 10, 0, 32;
    %flag_or 5, 4;
    %jmp/0xz T_2.1, 5;
    %delay 20000, 0;
    %load/vec4 v000001e3b5e86a00_0;
    %inv;
    %store/vec4 v000001e3b5e86a00_0, 0, 1;
    %load/vec4 v000001e3b5e868c0_0;
    %addi 1, 0, 32;
    %store/vec4 v000001e3b5e868c0_0, 0, 32;
    %jmp T_2.0;
T_2.1 ;
    %delay 20000, 0;
    %pushi/vec4 1, 0, 1;
    %store/vec4 v000001e3b5e86a00_0, 0, 1;
    %delay 20000, 0;
    %pushi/vec4 1, 0, 1;
    %store/vec4 v000001e3b5e86a00_0, 0, 1;
    %delay 20000, 0;
    %pushi/vec4 0, 0, 1;
    %store/vec4 v000001e3b5e86a00_0, 0, 1;
    %delay 20000, 0;
    %pushi/vec4 1, 0, 1;
    %store/vec4 v000001e3b5e86a00_0, 0, 1;
    %delay 20000, 0;
    %pushi/vec4 1, 0, 1;
    %store/vec4 v000001e3b5e86a00_0, 0, 1;
    %delay 20000, 0;
    %pushi/vec4 0, 0, 1;
    %store/vec4 v000001e3b5e86a00_0, 0, 1;
    %delay 20000, 0;
    %pushi/vec4 1, 0, 1;
    %store/vec4 v000001e3b5e86a00_0, 0, 1;
    %delay 20000, 0;
    %pushi/vec4 1, 0, 1;
    %store/vec4 v000001e3b5e86a00_0, 0, 1;
    %delay 20000, 0;
    %pushi/vec4 0, 0, 1;
    %store/vec4 v000001e3b5e86a00_0, 0, 1;
    %end;
    .thread T_2;
    .scope S_000001e3b5e8ad00;
T_3 ;
    %vpi_call 2 64 "$monitor", "clk=%d,s_in=%d,s_out=%d", v000001e3b5e86820_0, v000001e3b5e86a00_0, v000001e3b5f90850_0 {0 0 0};
    %end;
    .thread T_3;
# The file index is used to find the file name in the following table.
:file_names 3;
    "N/A";
    "<interactive>";
    "shift.v";
